2026-04-28T15:21:41.765609651Z [inf]  Starting Container
2026-04-28T15:21:42.376656876Z [inf]  [36m██╔══██╗██║   ██║     ██║██╔══██╗██╔═══██╗     ████╗  ██║██╔════╝╚██╗██╔╝╚══██╔══╝[0m
2026-04-28T15:21:42.376667759Z [inf]  [36m██║  ██║██║   ██║     ██║███████║██║   ██║     ██╔██╗ ██║█████╗   ╚███╔╝    ██║   [0m
2026-04-28T15:21:42.376677763Z [inf]  [36m██║  ██║██║   ██║██   ██║██╔══██║██║   ██║     ██║╚██╗██║██╔══╝   ██╔██╗    ██║   [0m
2026-04-28T15:21:42.376685097Z [inf]  [36m██████╔╝╚██████╔╝╚█████╔╝██║  ██║╚██████╔╝     ██║ ╚████║███████╗██╔╝ ██╗   ██║   [0m
2026-04-28T15:21:42.376692101Z [inf]  [36m╚═════╝  ╚═════╝  ╚════╝ ╚═╝  ╚═╝ ╚═════╝      ╚═╝  ╚═══╝╚══════╝╚═╝  ╚═╝   ╚═╝   [0m
2026-04-28T15:21:42.376700832Z [inf]  [95m╔══════════════════════════════════════════════════════════════════════╗[0m
2026-04-28T15:21:42.376709839Z [inf]  [95m║                      🚀 Dujiao-Next API 启动中                      ║[0m
2026-04-28T15:21:42.376714836Z [inf]  [95m╚══════════════════════════════════════════════════════════════════════╝[0m
2026-04-28T15:21:42.376719990Z [inf]  [36m██████╗ ██╗   ██╗     ██╗ █████╗  ██████╗      ███╗   ██╗███████╗██╗  ██╗████████╗[0m
2026-04-28T15:21:42.377867434Z [inf]  [32mVersion: v1.0.0[0m
2026-04-28T15:21:42.377877128Z [inf]  [2m--------------------------------------------------------------[0m
2026-04-28T15:21:42.377884072Z [inf]  2026-04-28T15:21:41.430Z	warn	config/config.go:396	config_file_read_failed	{"error": "Config File \"config\" Not Found in \"[/app / /app/etc]\"", "fallback": "env_or_defaults"}
2026-04-28T15:21:42.377890751Z [inf]  [95m╔══════════════════════════════════════════════════════════════════════╗[0m
2026-04-28T15:21:42.377897400Z [inf]  [95m║                      🚀 Dujiao-Next API 启动中                      ║[0m
2026-04-28T15:21:42.377903523Z [inf]  [95m╚══════════════════════════════════════════════════════════════════════╝[0m
2026-04-28T15:21:42.377910022Z [inf]  [36m██████╗ ██╗   ██╗     ██╗ █████╗  ██████╗      ███╗   ██╗███████╗██╗  ██╗████████╗[0m
2026-04-28T15:21:42.377916388Z [inf]  [36m██╔══██╗██║   ██║     ██║██╔══██╗██╔═══██╗     ████╗  ██║██╔════╝╚██╗██╔╝╚══██╔══╝[0m
2026-04-28T15:21:42.377951184Z [inf]  [32m[1mOpen Source Repositories[0m
2026-04-28T15:21:42.377957097Z [inf]  [34m• Root:    https://github.com/dujiao-next[0m
2026-04-28T15:21:42.377960941Z [inf]  [34m• API:     https://github.com/dujiao-next/dujiao-next[0m
2026-04-28T15:21:42.377966733Z [inf]  [34m• User:    https://github.com/dujiao-next/user[0m
2026-04-28T15:21:42.377970928Z [inf]  [34m• Admin:   https://github.com/dujiao-next/admin[0m
2026-04-28T15:21:42.377974625Z [inf]  [34m• Official:https://github.com/dujiao-next/document[0m
2026-04-28T15:21:42.379917159Z [inf]  [36m██║  ██║██║   ██║     ██║███████║██║   ██║     ██╔██╗ ██║█████╗   ╚███╔╝    ██║   [0m
2026-04-28T15:21:42.379926653Z [inf]  [36m██║  ██║██║   ██║██   ██║██╔══██║██║   ██║     ██║╚██╗██║██╔══╝   ██╔██╗    ██║   [0m
2026-04-28T15:21:42.379933656Z [inf]  [36m██████╔╝╚██████╔╝╚█████╔╝██║  ██║╚██████╔╝     ██║ ╚████║███████╗██╔╝ ██╗   ██║   [0m
2026-04-28T15:21:42.379939903Z [inf]  [36m╚═════╝  ╚═════╝  ╚════╝ ╚═╝  ╚═╝ ╚═════╝      ╚═╝  ╚═══╝╚══════╝╚═╝  ╚═╝   ╚═╝   [0m
2026-04-28T15:21:42.379946128Z [inf]  [32m[1mOpen Source Repositories[0m
2026-04-28T15:21:42.379952690Z [inf]  [34m• Root:    https://github.com/dujiao-next[0m
2026-04-28T15:21:42.379959110Z [inf]  [34m• API:     https://github.com/dujiao-next/dujiao-next[0m
2026-04-28T15:21:42.379965045Z [inf]  [34m• User:    https://github.com/dujiao-next/user[0m
2026-04-28T15:21:42.379974966Z [inf]  [34m• Admin:   https://github.com/dujiao-next/admin[0m
2026-04-28T15:21:42.379981117Z [inf]  [34m• Official:https://github.com/dujiao-next/document[0m
2026-04-28T15:21:42.379987226Z [inf]  [32mVersion: v1.0.0[0m
2026-04-28T15:21:42.379993251Z [inf]  [2m--------------------------------------------------------------[0m
2026-04-28T15:21:42.379999289Z [inf]  2026-04-28T15:21:42.148Z	warn	config/config.go:396	config_file_read_failed	{"error": "Config File \"config\" Not Found in \"[/app / /app/etc]\"", "fallback": "env_or_defaults"}
2026-04-28T15:21:42.892771994Z [inf]  [95m╔══════════════════════════════════════════════════════════════════════╗[0m
2026-04-28T15:21:42.892781627Z [inf]  [95m║                      🚀 Dujiao-Next API 启动中                      ║[0m
2026-04-28T15:21:42.892803586Z [inf]  [95m╚══════════════════════════════════════════════════════════════════════╝[0m
2026-04-28T15:21:42.892809621Z [inf]  [36m██████╗ ██╗   ██╗     ██╗ █████╗  ██████╗      ███╗   ██╗███████╗██╗  ██╗████████╗[0m
2026-04-28T15:21:42.892815556Z [inf]  [36m██╔══██╗██║   ██║     ██║██╔══██╗██╔═══██╗     ████╗  ██║██╔════╝╚██╗██╔╝╚══██╔══╝[0m
2026-04-28T15:21:42.892821129Z [inf]  [36m██║  ██║██║   ██║     ██║███████║██║   ██║     ██╔██╗ ██║█████╗   ╚███╔╝    ██║   [0m
2026-04-28T15:21:42.892826179Z [inf]  [36m██║  ██║██║   ██║██   ██║██╔══██║██║   ██║     ██║╚██╗██║██╔══╝   ██╔██╗    ██║   [0m
2026-04-28T15:21:42.892831423Z [inf]  [36m██████╔╝╚██████╔╝╚█████╔╝██║  ██║╚██████╔╝     ██║ ╚████║███████╗██╔╝ ██╗   ██║   [0m
2026-04-28T15:21:42.892837154Z [inf]  [36m╚═════╝  ╚═════╝  ╚════╝ ╚═╝  ╚═╝ ╚═════╝      ╚═╝  ╚═══╝╚══════╝╚═╝  ╚═╝   ╚═╝   [0m
2026-04-28T15:21:42.895066536Z [inf]  [32m[1mOpen Source Repositories[0m
2026-04-28T15:21:42.895075238Z [inf]  [34m• Root:    https://github.com/dujiao-next[0m
2026-04-28T15:21:42.895081030Z [inf]  [34m• API:     https://github.com/dujiao-next/dujiao-next[0m
2026-04-28T15:21:42.895089552Z [inf]  [34m• User:    https://github.com/dujiao-next/user[0m
2026-04-28T15:21:42.895094187Z [inf]  [34m• Admin:   https://github.com/dujiao-next/admin[0m
2026-04-28T15:21:42.895101362Z [inf]  [34m• Official:https://github.com/dujiao-next/document[0m
2026-04-28T15:21:42.895106144Z [inf]  [32mVersion: v1.0.0[0m
2026-04-28T15:21:42.895110938Z [inf]  [2m--------------------------------------------------------------[0m
2026-04-28T15:21:42.895115403Z [inf]  2026-04-28T15:21:42.889Z	warn	config/config.go:396	config_file_read_failed	{"error": "Config File \"config\" Not Found in \"[/app / /app/etc]\"", "fallback": "env_or_defaults"}
2026-04-28T15:21:43.673325106Z [inf]  [36m╚═════╝  ╚═════╝  ╚════╝ ╚═╝  ╚═╝ ╚═════╝      ╚═╝  ╚═══╝╚══════╝╚═╝  ╚═╝   ╚═╝   [0m
2026-04-28T15:21:43.673339537Z [inf]  [95m╔══════════════════════════════════════════════════════════════════════╗[0m
2026-04-28T15:21:43.673352165Z [inf]  [95m║                      🚀 Dujiao-Next API 启动中                      ║[0m
2026-04-28T15:21:43.673358101Z [inf]  [95m╚══════════════════════════════════════════════════════════════════════╝[0m
2026-04-28T15:21:43.673362320Z [inf]  [36m██████╗ ██╗   ██╗     ██╗ █████╗  ██████╗      ███╗   ██╗███████╗██╗  ██╗████████╗[0m
2026-04-28T15:21:43.673366480Z [inf]  [36m██╔══██╗██║   ██║     ██║██╔══██╗██╔═══██╗     ████╗  ██║██╔════╝╚██╗██╔╝╚══██╔══╝[0m
2026-04-28T15:21:43.673370926Z [inf]  [36m██║  ██║██║   ██║     ██║███████║██║   ██║     ██╔██╗ ██║█████╗   ╚███╔╝    ██║   [0m
2026-04-28T15:21:43.673375402Z [inf]  [36m██║  ██║██║   ██║██   ██║██╔══██║██║   ██║     ██║╚██╗██║██╔══╝   ██╔██╗    ██║   [0m
2026-04-28T15:21:43.673379903Z [inf]  [36m██████╔╝╚██████╔╝╚█████╔╝██║  ██║╚██████╔╝     ██║ ╚████║███████╗██╔╝ ██╗   ██║   [0m
2026-04-28T15:21:43.675136756Z [inf]  [32m[1mOpen Source Repositories[0m
2026-04-28T15:21:43.675144437Z [inf]  [34m• Root:    https://github.com/dujiao-next[0m
2026-04-28T15:21:43.675153025Z [inf]  [34m• API:     https://github.com/dujiao-next/dujiao-next[0m
2026-04-28T15:21:43.675157937Z [inf]  [34m• User:    https://github.com/dujiao-next/user[0m
2026-04-28T15:21:43.675164663Z [inf]  [34m• Admin:   https://github.com/dujiao-next/admin[0m
2026-04-28T15:21:43.675169393Z [inf]  [34m• Official:https://github.com/dujiao-next/document[0m
2026-04-28T15:21:43.675174184Z [inf]  [32mVersion: v1.0.0[0m
2026-04-28T15:21:43.675178321Z [inf]  [2m--------------------------------------------------------------[0m
2026-04-28T15:21:43.675182623Z [inf]  2026-04-28T15:21:43.648Z	warn	config/config.go:396	config_file_read_failed	{"error": "Config File \"config\" Not Found in \"[/app / /app/etc]\"", "fallback": "env_or_defaults"}