2026-04-28T15:05:05.027797391Z [inf]  
2026-04-28T15:05:05.846611017Z [inf]  [35m[Region: us-west1][0m
2026-04-28T15:05:05.850418503Z [inf]  [35m=========================
2026-04-28T15:05:05.850454439Z [inf]  Using Detected Dockerfile
2026-04-28T15:05:05.850459790Z [inf]  =========================
2026-04-28T15:05:05.850467470Z [inf]  [0m
2026-04-28T15:05:05.850482880Z [inf]  context: 7f13-7CD8
2026-04-28T15:05:06.535436995Z [inf]  [internal] load build definition from Dockerfile
2026-04-28T15:05:06.535504719Z [inf]  [internal] load build definition from Dockerfile
2026-04-28T15:05:06.535523793Z [inf]  [internal] load build definition from Dockerfile
2026-04-28T15:05:06.546811348Z [inf]  [internal] load build definition from Dockerfile
2026-04-28T15:05:06.549222063Z [inf]  resolve image config for docker-image://docker.io/docker/dockerfile:1
2026-04-28T15:05:06.624107310Z [inf]  [auth] docker/dockerfile:pull token for registry-1.docker.io
2026-04-28T15:05:06.624179925Z [inf]  [auth] docker/dockerfile:pull token for registry-1.docker.io
2026-04-28T15:05:06.901727818Z [inf]  resolve image config for docker-image://docker.io/docker/dockerfile:1
2026-04-28T15:05:06.901800421Z [inf]  docker-image://docker.io/docker/dockerfile:1@sha256:2780b5c3bab67f1f76c781860de469442999ed1a0d7992a5efdf2cffc0e3d769
2026-04-28T15:05:06.901819290Z [inf]  docker-image://docker.io/docker/dockerfile:1@sha256:2780b5c3bab67f1f76c781860de469442999ed1a0d7992a5efdf2cffc0e3d769
2026-04-28T15:05:06.909528941Z [inf]  docker-image://docker.io/docker/dockerfile:1@sha256:2780b5c3bab67f1f76c781860de469442999ed1a0d7992a5efdf2cffc0e3d769
2026-04-28T15:05:06.909587030Z [inf]  docker-image://docker.io/docker/dockerfile:1@sha256:2780b5c3bab67f1f76c781860de469442999ed1a0d7992a5efdf2cffc0e3d769
2026-04-28T15:05:07.036641652Z [inf]  [internal] load metadata for docker.io/library/alpine:latest
2026-04-28T15:05:07.036693320Z [inf]  [internal] load metadata for docker.io/library/golang:1.25.3-alpine
2026-04-28T15:05:07.110166690Z [inf]  [auth] library/golang:pull token for registry-1.docker.io
2026-04-28T15:05:07.110232626Z [inf]  [auth] library/golang:pull token for registry-1.docker.io
2026-04-28T15:05:07.184095783Z [inf]  [auth] library/alpine:pull token for registry-1.docker.io
2026-04-28T15:05:07.184150541Z [inf]  [auth] library/alpine:pull token for registry-1.docker.io
2026-04-28T15:05:07.433978766Z [inf]  [internal] load metadata for docker.io/library/alpine:latest
2026-04-28T15:05:07.780816068Z [inf]  [internal] load metadata for docker.io/library/golang:1.25.3-alpine
2026-04-28T15:05:07.782650122Z [inf]  [internal] load .dockerignore
2026-04-28T15:05:07.782708724Z [inf]  [internal] load .dockerignore
2026-04-28T15:05:07.782729197Z [inf]  [internal] load .dockerignore
2026-04-28T15:05:07.782741072Z [inf]  [internal] load .dockerignore
2026-04-28T15:05:07.795735434Z [inf]  [internal] load .dockerignore
2026-04-28T15:05:07.821316742Z [inf]  [builder 6/7] COPY . .
2026-04-28T15:05:07.821365476Z [inf]  [builder 5/7] RUN go mod download
2026-04-28T15:05:07.821376051Z [inf]  [builder 4/7] COPY go.mod go.sum ./
2026-04-28T15:05:07.821389603Z [inf]  [internal] load build context
2026-04-28T15:05:07.821397527Z [inf]  [builder 3/7] WORKDIR /src
2026-04-28T15:05:07.821405762Z [inf]  [builder 2/7] RUN echo "Building for linux/amd64"
2026-04-28T15:05:07.821413464Z [inf]  [builder 1/7] FROM docker.io/library/golang:1.25.3-alpine@sha256:aee43c3ccbf24fdffb7295693b6e33b21e01baec1b2a55acc351fde345e9ec34
2026-04-28T15:05:07.821421601Z [inf]  [stage-1 3/5] RUN apk --no-cache add ca-certificates tzdata     && mkdir -p /app/db /app/uploads /app/logs
2026-04-28T15:05:07.821429321Z [inf]  [stage-1 2/5] WORKDIR /app
2026-04-28T15:05:07.821436065Z [inf]  [stage-1 1/5] FROM docker.io/library/alpine:latest@sha256:5b10f432ef3da1b8d4c7eb6c487f2f5a8f096bc91145e68878dd4a5019afde11
2026-04-28T15:05:07.821467940Z [inf]  [stage-1 5/5] COPY config.yml.example /app/config.yml.example
2026-04-28T15:05:07.821484414Z [inf]  [stage-1 4/5] COPY --from=builder /out/dujiao-api /app/dujiao-api
2026-04-28T15:05:07.821495501Z [inf]  [builder 7/7] RUN set -eux;     export GOOS="linux" GOARCH="amd64";     if [ "amd64" = "arm" ] && [ -n "" ]; then export GOARM=""; fi;     if [ "amd64" = "amd64" ] && [ -n "" ]; then export GOAMD64=""; fi;     go build -trimpath -tags release -ldflags="-s -w -X github.com/dujiao-next/internal/version.Version=v1.0.0" -o /out/dujiao-api ./cmd/server
2026-04-28T15:05:07.821515280Z [inf]  [internal] load build context
2026-04-28T15:05:07.821526240Z [inf]  [builder 1/7] FROM docker.io/library/golang:1.25.3-alpine@sha256:aee43c3ccbf24fdffb7295693b6e33b21e01baec1b2a55acc351fde345e9ec34
2026-04-28T15:05:07.821538116Z [inf]  [stage-1 1/5] FROM docker.io/library/alpine:latest@sha256:5b10f432ef3da1b8d4c7eb6c487f2f5a8f096bc91145e68878dd4a5019afde11
2026-04-28T15:05:07.821768466Z [inf]  [internal] load build context
2026-04-28T15:05:07.835613657Z [inf]  [builder 1/7] FROM docker.io/library/golang:1.25.3-alpine@sha256:aee43c3ccbf24fdffb7295693b6e33b21e01baec1b2a55acc351fde345e9ec34
2026-04-28T15:05:07.835886315Z [inf]  [builder 1/7] FROM docker.io/library/golang:1.25.3-alpine@sha256:aee43c3ccbf24fdffb7295693b6e33b21e01baec1b2a55acc351fde345e9ec34
2026-04-28T15:05:07.835974857Z [inf]  [builder 1/7] FROM docker.io/library/golang:1.25.3-alpine@sha256:aee43c3ccbf24fdffb7295693b6e33b21e01baec1b2a55acc351fde345e9ec34
2026-04-28T15:05:07.837847893Z [inf]  [builder 1/7] FROM docker.io/library/golang:1.25.3-alpine@sha256:aee43c3ccbf24fdffb7295693b6e33b21e01baec1b2a55acc351fde345e9ec34
2026-04-28T15:05:07.839459294Z [inf]  [stage-1 1/5] FROM docker.io/library/alpine:latest@sha256:5b10f432ef3da1b8d4c7eb6c487f2f5a8f096bc91145e68878dd4a5019afde11
2026-04-28T15:05:07.846068755Z [inf]  [stage-1 1/5] FROM docker.io/library/alpine:latest@sha256:5b10f432ef3da1b8d4c7eb6c487f2f5a8f096bc91145e68878dd4a5019afde11
2026-04-28T15:05:07.852018765Z [inf]  [stage-1 1/5] FROM docker.io/library/alpine:latest@sha256:5b10f432ef3da1b8d4c7eb6c487f2f5a8f096bc91145e68878dd4a5019afde11
2026-04-28T15:05:07.852262316Z [inf]  [stage-1 2/5] WORKDIR /app
2026-04-28T15:05:07.880698925Z [inf]  [builder 1/7] FROM docker.io/library/golang:1.25.3-alpine@sha256:aee43c3ccbf24fdffb7295693b6e33b21e01baec1b2a55acc351fde345e9ec34
2026-04-28T15:05:07.883497786Z [inf]  [builder 1/7] FROM docker.io/library/golang:1.25.3-alpine@sha256:aee43c3ccbf24fdffb7295693b6e33b21e01baec1b2a55acc351fde345e9ec34
2026-04-28T15:05:07.928052485Z [inf]  [internal] load build context
2026-04-28T15:05:07.953885464Z [inf]  [stage-1 2/5] WORKDIR /app
2026-04-28T15:05:07.956617483Z [inf]  [stage-1 3/5] RUN apk --no-cache add ca-certificates tzdata     && mkdir -p /app/db /app/uploads /app/logs
2026-04-28T15:05:08.522098576Z [inf]  (1/2) Installing ca-certificates (20260413-r0)

2026-04-28T15:05:08.542530093Z [inf]  (2/2) Installing tzdata (2026a-r0)

2026-04-28T15:05:08.600532321Z [inf]  Executing busybox-1.37.0-r30.trigger

2026-04-28T15:05:08.612391685Z [inf]  Executing ca-certificates-20260413-r0.trigger

2026-04-28T15:05:08.649655324Z [inf]  OK: 8912 KiB in 18 packages

2026-04-28T15:05:08.732567219Z [inf]  [stage-1 3/5] RUN apk --no-cache add ca-certificates tzdata     && mkdir -p /app/db /app/uploads /app/logs
2026-04-28T15:05:08.912304031Z [inf]  [builder 1/7] FROM docker.io/library/golang:1.25.3-alpine@sha256:aee43c3ccbf24fdffb7295693b6e33b21e01baec1b2a55acc351fde345e9ec34
2026-04-28T15:05:11.742997717Z [inf]  [builder 2/7] RUN echo "Building for linux/amd64"
2026-04-28T15:05:11.819767483Z [inf]  Building for linux/amd64

2026-04-28T15:05:12.011788643Z [inf]  [builder 2/7] RUN echo "Building for linux/amd64"
2026-04-28T15:05:12.014102109Z [inf]  [builder 3/7] WORKDIR /src
2026-04-28T15:05:12.037165959Z [inf]  [builder 3/7] WORKDIR /src
2026-04-28T15:05:12.039304295Z [inf]  [builder 4/7] COPY go.mod go.sum ./
2026-04-28T15:05:12.067478216Z [inf]  [builder 4/7] COPY go.mod go.sum ./
2026-04-28T15:05:12.069712803Z [inf]  [builder 5/7] RUN go mod download
2026-04-28T15:05:18.980233657Z [inf]  [builder 5/7] RUN go mod download
2026-04-28T15:05:18.981920605Z [inf]  [builder 6/7] COPY . .
2026-04-28T15:05:19.589367971Z [inf]  [builder 6/7] COPY . .
2026-04-28T15:05:19.593249380Z [inf]  [builder 7/7] RUN set -eux;     export GOOS="linux" GOARCH="amd64";     if [ "amd64" = "arm" ] && [ -n "" ]; then export GOARM=""; fi;     if [ "amd64" = "amd64" ] && [ -n "" ]; then export GOAMD64=""; fi;     go build -trimpath -tags release -ldflags="-s -w -X github.com/dujiao-next/internal/version.Version=v1.0.0" -o /out/dujiao-api ./cmd/server
2026-04-28T15:05:19.695577205Z [inf]  + export 'GOOS=linux' 'GOARCH=amd64'
+ '[' amd64 '=' arm ]
+ '[' amd64 '=' amd64 ]
+ '[' -n  ]
+ go build -trimpath -tags release '-ldflags=-s -w -X github.com/dujiao-next/internal/version.Version=v1.0.0' -o /out/dujiao-api ./cmd/server

2026-04-28T15:05:48.422860580Z [inf]  [builder 7/7] RUN set -eux;     export GOOS="linux" GOARCH="amd64";     if [ "amd64" = "arm" ] && [ -n "" ]; then export GOARM=""; fi;     if [ "amd64" = "amd64" ] && [ -n "" ]; then export GOAMD64=""; fi;     go build -trimpath -tags release -ldflags="-s -w -X github.com/dujiao-next/internal/version.Version=v1.0.0" -o /out/dujiao-api ./cmd/server
2026-04-28T15:05:48.578746004Z [inf]  [stage-1 4/5] COPY --from=builder /out/dujiao-api /app/dujiao-api
2026-04-28T15:05:48.701873623Z [inf]  [stage-1 4/5] COPY --from=builder /out/dujiao-api /app/dujiao-api
2026-04-28T15:05:48.704305325Z [inf]  [stage-1 5/5] COPY config.yml.example /app/config.yml.example
2026-04-28T15:05:48.738611217Z [inf]  [stage-1 5/5] COPY config.yml.example /app/config.yml.example
2026-04-28T15:05:51.336493660Z [inf]  importing to docker
2026-04-28T15:05:51.950568881Z [inf]  importing to docker
2026-04-28T15:06:01.324893528Z [inf]  [auth] sharing credentials for production-us-west2.railway-registry.com
2026-04-28T15:06:01.324978641Z [inf]  [auth] sharing credentials for production-us-west2.railway-registry.com
2026-04-28T15:06:57.944287836Z [inf]  [92mBuild time: 112.09 seconds[0m
2026-04-28T15:07:05.944429194Z [inf]  
2026-04-28T15:07:05.944432718Z [inf]  [35m====================
Starting Healthcheck
====================
[0m
2026-04-28T15:07:05.944433331Z [inf]  [37mPath: /health[0m
2026-04-28T15:07:05.944433948Z [inf]  [37mRetry window: 5m0s[0m
2026-04-28T15:07:05.944434471Z [inf]  
2026-04-28T15:07:16.035583367Z [inf]  [93mAttempt #1 failed with service unavailable. Continuing to retry for 4m49s[0m
2026-04-28T15:07:27.071882572Z [inf]  [93mAttempt #2 failed with service unavailable. Continuing to retry for 4m38s[0m
2026-04-28T15:07:39.103764241Z [inf]  [93mAttempt #3 failed with service unavailable. Continuing to retry for 4m26s[0m
2026-04-28T15:07:53.139157375Z [inf]  [93mAttempt #4 failed with service unavailable. Continuing to retry for 4m12s[0m
2026-04-28T15:08:11.171549866Z [inf]  [93mAttempt #5 failed with service unavailable. Continuing to retry for 3m54s[0m
2026-04-28T15:08:37.214453258Z [inf]  [93mAttempt #6 failed with service unavailable. Continuing to retry for 3m28s[0m
2026-04-28T15:09:17.249468180Z [inf]  [93mAttempt #7 failed with service unavailable. Continuing to retry for 2m48s[0m
2026-04-28T15:09:57.302747738Z [inf]  [93mAttempt #8 failed with service unavailable. Continuing to retry for 2m8s[0m
2026-04-28T15:10:37.390688886Z [inf]  [93mAttempt #9 failed with service unavailable. Continuing to retry for 1m28s[0m
2026-04-28T15:11:17.426824494Z [inf]  [93mAttempt #10 failed with service unavailable. Continuing to retry for 48s[0m
2026-04-28T15:11:57.461663631Z [inf]  [93mAttempt #11 failed with service unavailable. Continuing to retry for 8s[0m
2026-04-28T15:11:57.582138633Z [inf]  
2026-04-28T15:11:57.582142443Z [inf]  [91m1/1 replicas never became healthy![0m
2026-04-28T15:11:57.582143437Z [inf]  [91mHealthcheck failed![0m