2026-04-28T15:20:38.119702641Z [inf]  
2026-04-28T15:20:39.247685365Z [inf]  [35m[Region: us-west1][0m
2026-04-28T15:20:39.251454315Z [inf]  [35m=========================
2026-04-28T15:20:39.251489668Z [inf]  Using Detected Dockerfile
2026-04-28T15:20:39.251496834Z [inf]  =========================
2026-04-28T15:20:39.251503878Z [inf]  [0m
2026-04-28T15:20:39.251529260Z [inf]  context: hkws-mVYd
2026-04-28T15:20:39.439668048Z [inf]  [internal] load build definition from Dockerfile
2026-04-28T15:20:39.439714367Z [inf]  [internal] load build definition from Dockerfile
2026-04-28T15:20:39.439731743Z [inf]  [internal] load build definition from Dockerfile
2026-04-28T15:20:39.439745221Z [inf]  [internal] load build definition from Dockerfile
2026-04-28T15:20:39.451834558Z [inf]  [internal] load build definition from Dockerfile
2026-04-28T15:20:39.454188691Z [inf]  resolve image config for docker-image://docker.io/docker/dockerfile:1
2026-04-28T15:20:39.457603158Z [inf]  [auth] docker/dockerfile:pull token for registry-1.docker.io
2026-04-28T15:20:39.457641549Z [inf]  [auth] docker/dockerfile:pull token for registry-1.docker.io
2026-04-28T15:20:39.750739992Z [inf]  resolve image config for docker-image://docker.io/docker/dockerfile:1
2026-04-28T15:20:39.750843811Z [inf]  docker-image://docker.io/docker/dockerfile:1@sha256:2780b5c3bab67f1f76c781860de469442999ed1a0d7992a5efdf2cffc0e3d769
2026-04-28T15:20:39.750866764Z [inf]  docker-image://docker.io/docker/dockerfile:1@sha256:2780b5c3bab67f1f76c781860de469442999ed1a0d7992a5efdf2cffc0e3d769
2026-04-28T15:20:39.756207061Z [inf]  docker-image://docker.io/docker/dockerfile:1@sha256:2780b5c3bab67f1f76c781860de469442999ed1a0d7992a5efdf2cffc0e3d769
2026-04-28T15:20:39.756367867Z [inf]  docker-image://docker.io/docker/dockerfile:1@sha256:2780b5c3bab67f1f76c781860de469442999ed1a0d7992a5efdf2cffc0e3d769
2026-04-28T15:20:39.855461503Z [inf]  [internal] load metadata for docker.io/library/alpine:latest
2026-04-28T15:20:39.855506764Z [inf]  [internal] load metadata for docker.io/library/golang:1.25.3-alpine
2026-04-28T15:20:39.858486444Z [inf]  [auth] library/golang:pull token for registry-1.docker.io
2026-04-28T15:20:39.858525573Z [inf]  [auth] library/golang:pull token for registry-1.docker.io
2026-04-28T15:20:40.048846679Z [inf]  [internal] load metadata for docker.io/library/alpine:latest
2026-04-28T15:20:40.173654097Z [inf]  [internal] load metadata for docker.io/library/golang:1.25.3-alpine
2026-04-28T15:20:40.175212026Z [inf]  [internal] load .dockerignore
2026-04-28T15:20:40.175272427Z [inf]  [internal] load .dockerignore
2026-04-28T15:20:40.175286300Z [inf]  [internal] load .dockerignore
2026-04-28T15:20:40.185862308Z [inf]  [internal] load .dockerignore
2026-04-28T15:20:40.206458705Z [inf]  [builder 4/7] COPY go.mod go.sum ./
2026-04-28T15:20:40.206509040Z [inf]  [internal] load build context
2026-04-28T15:20:40.206519441Z [inf]  [builder 3/7] WORKDIR /src
2026-04-28T15:20:40.206538959Z [inf]  [builder 2/7] RUN echo "Building for linux/amd64"
2026-04-28T15:20:40.206550951Z [inf]  [builder 1/7] FROM docker.io/library/golang:1.25.3-alpine@sha256:aee43c3ccbf24fdffb7295693b6e33b21e01baec1b2a55acc351fde345e9ec34
2026-04-28T15:20:40.206559181Z [inf]  [stage-1 3/5] RUN apk --no-cache add ca-certificates tzdata     && mkdir -p /app/db /app/uploads /app/logs
2026-04-28T15:20:40.206567154Z [inf]  [stage-1 2/5] WORKDIR /app
2026-04-28T15:20:40.206577249Z [inf]  [stage-1 1/5] FROM docker.io/library/alpine:latest@sha256:5b10f432ef3da1b8d4c7eb6c487f2f5a8f096bc91145e68878dd4a5019afde11
2026-04-28T15:20:40.206605514Z [inf]  [builder 7/7] RUN set -eux;     export GOOS="linux" GOARCH="amd64";     if [ "amd64" = "arm" ] && [ -n "" ]; then export GOARM=""; fi;     if [ "amd64" = "amd64" ] && [ -n "" ]; then export GOAMD64=""; fi;     go build -trimpath -tags release -ldflags="-s -w -X github.com/dujiao-next/internal/version.Version=v1.0.0" -o /out/dujiao-api ./cmd/server
2026-04-28T15:20:40.206614244Z [inf]  [builder 6/7] COPY . .
2026-04-28T15:20:40.206622119Z [inf]  [builder 5/7] RUN go mod download
2026-04-28T15:20:40.206648082Z [inf]  [stage-1 4/5] COPY --from=builder /out/dujiao-api /app/dujiao-api
2026-04-28T15:20:40.206661521Z [inf]  [stage-1 5/5] COPY config.yml.example /app/config.yml.example
2026-04-28T15:20:40.206678415Z [inf]  [builder 1/7] FROM docker.io/library/golang:1.25.3-alpine@sha256:aee43c3ccbf24fdffb7295693b6e33b21e01baec1b2a55acc351fde345e9ec34
2026-04-28T15:20:40.206695452Z [inf]  [internal] load build context
2026-04-28T15:20:40.206703829Z [inf]  [stage-1 1/5] FROM docker.io/library/alpine:latest@sha256:5b10f432ef3da1b8d4c7eb6c487f2f5a8f096bc91145e68878dd4a5019afde11
2026-04-28T15:20:40.206976883Z [inf]  [internal] load build context
2026-04-28T15:20:40.219421261Z [inf]  [builder 1/7] FROM docker.io/library/golang:1.25.3-alpine@sha256:aee43c3ccbf24fdffb7295693b6e33b21e01baec1b2a55acc351fde345e9ec34
2026-04-28T15:20:40.221109387Z [inf]  [stage-1 1/5] FROM docker.io/library/alpine:latest@sha256:5b10f432ef3da1b8d4c7eb6c487f2f5a8f096bc91145e68878dd4a5019afde11
2026-04-28T15:20:40.302711682Z [inf]  [internal] load build context
2026-04-28T15:20:40.306948232Z [inf]  [stage-1 2/5] WORKDIR /app
2026-04-28T15:20:40.307005956Z [inf]  [stage-1 3/5] RUN apk --no-cache add ca-certificates tzdata     && mkdir -p /app/db /app/uploads /app/logs
2026-04-28T15:20:40.307019943Z [inf]  [builder 2/7] RUN echo "Building for linux/amd64"
2026-04-28T15:20:40.307028965Z [inf]  [builder 3/7] WORKDIR /src
2026-04-28T15:20:40.307037715Z [inf]  [builder 4/7] COPY go.mod go.sum ./
2026-04-28T15:20:40.307046651Z [inf]  [builder 5/7] RUN go mod download
2026-04-28T15:20:40.307057561Z [inf]  [builder 6/7] COPY . .
2026-04-28T15:20:40.307070511Z [inf]  [builder 7/7] RUN set -eux;     export GOOS="linux" GOARCH="amd64";     if [ "amd64" = "arm" ] && [ -n "" ]; then export GOARM=""; fi;     if [ "amd64" = "amd64" ] && [ -n "" ]; then export GOAMD64=""; fi;     go build -trimpath -tags release -ldflags="-s -w -X github.com/dujiao-next/internal/version.Version=v1.0.0" -o /out/dujiao-api ./cmd/server
2026-04-28T15:20:40.307081431Z [inf]  [stage-1 4/5] COPY --from=builder /out/dujiao-api /app/dujiao-api
2026-04-28T15:20:40.307090748Z [inf]  [stage-1 5/5] COPY config.yml.example /app/config.yml.example
2026-04-28T15:20:40.518691366Z [inf]  importing to docker
2026-04-28T15:20:41.093762580Z [inf]  importing to docker
2026-04-28T15:20:45.593340610Z [inf]  [auth] sharing credentials for production-us-west2.railway-registry.com
2026-04-28T15:20:45.593385634Z [inf]  [auth] sharing credentials for production-us-west2.railway-registry.com
2026-04-28T15:21:33.866296265Z [inf]  [92mBuild time: 54.61 seconds[0m
2026-04-28T15:21:41.953679577Z [inf]  
2026-04-28T15:21:41.953682612Z [inf]  [35m====================
Starting Healthcheck
====================
[0m
2026-04-28T15:21:41.953683347Z [inf]  [37mPath: /health[0m
2026-04-28T15:21:41.953683922Z [inf]  [37mRetry window: 5m0s[0m
2026-04-28T15:21:41.953684504Z [inf]  
2026-04-28T15:21:52.018284346Z [inf]  [93mAttempt #1 failed with service unavailable. Continuing to retry for 4m49s[0m
2026-04-28T15:22:03.048206097Z [inf]  [93mAttempt #2 failed with service unavailable. Continuing to retry for 4m38s[0m